// Jest Snapshot v1, https://goo.gl/fbAQLP

exports[`CalculatorResult component matches snapshot 1`] = `
<DocumentFragment>
  <div
    class="MuiGrid-root MuiGrid-container MuiGrid-item MuiGrid-grid-xs-12 css-spompt-MuiGrid-root"
    style="margin: 20px 10px;"
  >
    <div
      class="MuiGrid-root MuiGrid-item MuiGrid-grid-xs-6 css-1osj8n2-MuiGrid-root"
    >
      <h6
        class="MuiTypography-root MuiTypography-h6 css-1voxdgm-MuiTypography-root"
      >
        Delivery Fee:
      </h6>
    </div>
    <div
      class="MuiGrid-root MuiGrid-item MuiGrid-grid-xs-5 css-k3f0g4-MuiGrid-root"
    >
      <h6
        class="MuiTypography-root MuiTypography-h6 css-152558n-MuiTypography-root"
        data-test-id="fee"
      >
        10 euros
      </h6>
    </div>
  </div>
</DocumentFragment>
`;
